#****************************************
#**   tell_tales analysis done     **
Current date:	Mon Oct  5 23:10:35 2026
#_________Provided I/O parameters __________
File of subject DNA sequences:	/home/cunnac/Lab-Related/MyScripts/tantale/inst/extdata/bai3_sample_tal_genomic_regions.fasta
TALE N-term CDS region detection HMM file:	/home/cunnac/Lab-Related/MyScripts/tantale/inst/extdata/hmmProfile/Xo_TALE_Nterm_CDS_profile.hmm
TALE repeat unit CDS detection HMM file:	/home/cunnac/Lab-Related/MyScripts/tantale/inst/extdata/hmmProfile/Xo_TALE_repeat_CDS_profile.hmm
TALE C-term CDS region detection HMM file:	/home/cunnac/Lab-Related/MyScripts/tantale/inst/extdata/hmmProfile/Xo_TALE_Cterm_CDS_profile.hmm
Output directory:	/tmp/Rtmp5UafNg/tell_tales_example
#____________Other parameters________________
nterm_min_score:	300
repeat_min_score:	20
cterm_min_score:	200
terminus_max_evalue:	1e-05
terminus_min_cover:	0.9
min_dna_hits:	4
min_array_length:	0
merge_hits:	TRUE
min_gap:	35
extend_len:	300
correct_array:	FALSE
correction_ref:	/home/cunnac/Lab-Related/MyScripts/tantale/inst/extdata/tale_correction_ref.fa.gz
max_comparisons:	50
frameshift:	-11
#__________Summary measures of TALE search outcome__________
Number of analysed subject sequences :	2
Total number of TALE repeat DNA coding sequence motif hits found with the nhmmer approach:	88
Total number of subject seqs with TALE motif hits after low hit number filtering:	2
Total number of distinct regions (repeat arrays) with adjacent TALE motifs :	4
Number of arrays with nhmmer DNA hits for both termini:	4
Number of arrays whose AnnoTALE N-terminus matches the TALE N-terminal protein profile:	4
Number of arrays whose AnnoTALE C-terminus matches the TALE C-terminal protein profile:	4
Minimum array length (number of nhmmer DNA hits):	16
Maximum array length:	28
Median array length:	26
Number of gaps of size below 500nt between TALE motifs arrays:	1.5
First quartile of size of gaps (below 500nt) between TALE motifs arrays:	108
Median size of gaps (below 500nt) between TALE motifs arrays:	108
Upper quartile of size of gaps (below 500nt) between TALE motifs arrays:	108
#__________Noteworthy AnnoTale issues__________
# 
#*************************

